// Jest Snapshot v1, https://goo.gl/fbAQLP

exports[`ExampleComponent component renders correctly 1`] = `
<div
  class="example-component-class"
>
  <h2>
    I am an Example Component
  </h2>
  <div>
    Build to test and showcase capabilities of jest and enzyme
  </div>
  <div
    class="example-component-class__button"
  >
    Up the Counter!
  </div>
  <div>
    Display number of counter clicks:
    <span>
      0
    </span>
  </div>
</div>
`;
